﻿
> crm-tiramisu@0.0.0 build
> tsc -b && vite build

[36mvite v5.4.21 [32mbuilding for production...[36m[39m
transforming...
[32mÔ£ô[39m 655 modules transformed.

PWA v0.17.5
mode      generateSW
precache  13 entries (656.68 KiB)
files generated
  dist\sw.js
  dist\workbox-8c29f6e4.js
node.exe : warnings
En línea: 1 Carácter: 1
+ & "C:\nvm4w\nodejs/node.exe" 
"C:\nvm4w\nodejs/node_modules/npm/bin/np ...
+ ~~~~~~~~~~~~~~~~~~~~~~~~~~~~~~~~~~~~~~~~~~~~~~~~~~~~~~~~
~~~~~~~~~~~~~
    + CategoryInfo          : NotSpecified: (warnings:Str 
   ing) [], RemoteException
    + FullyQualifiedErrorId : NativeCommandError
 
  assets/index-BOFH45y8.js is 3.03 MB, and won't be 
precached. Configure maximumFileSizeToCacheInBytes to 
change this limit.

[31mx[39m Build failed in 12.53s
[31merror during build:
[31m[vite-plugin-pwa:build] [plugin 
vite-plugin-pwa:build] There was an error during the 
build:
  [vite]: Rollup failed to resolve import "prop-types" 
from "C:/Users/vavina/Documents/GitHub/CRM_Tiramisu/node_m
odules/react-swipeable-list/dist/react-swipeable-list.esm.
js".
This is most likely unintended because it can break your 
application at runtime.
If you do want to externalize this module explicitly add 
it to
`build.rollupOptions.external`
Additionally, handling the error in the 'buildEnd' hook 
caused the following error:
  [vite]: Rollup failed to resolve import "prop-types" 
from "C:/Users/vavina/Documents/GitHub/CRM_Tiramisu/node_m
odules/react-swipeable-list/dist/react-swipeable-list.esm.
js".
This is most likely unintended because it can break your 
application at runtime.
If you do want to externalize this module explicitly add 
it to
`build.rollupOptions.external`[31m
    at getRollupError (file:///C:/Users/vavina/Documents/G
itHub/CRM_Tiramisu/node_modules/rollup/dist/es/shared/pars
eAst.js:400:41)
    at file:///C:/Users/vavina/Documents/GitHub/CRM_Tirami
su/node_modules/rollup/dist/es/shared/node-entry.js:23423:
39
    at async catchUnfinishedHookActions (file:///C:/Users/
vavina/Documents/GitHub/CRM_Tiramisu/node_modules/rollup/d
ist/es/shared/node-entry.js:22881:16)
    at async rollupInternal (file:///C:/Users/vavina/Docum
ents/GitHub/CRM_Tiramisu/node_modules/rollup/dist/es/share
d/node-entry.js:23406:5)
    at async build (file:///C:/Users/vavina/Documents/GitH
ub/CRM_Tiramisu/node_modules/vite/dist/node/chunks/dep-BK3
b2jBa.js:65709:14)
    at async CAC.<anonymous> (file:///C:/Users/vavina/Docu
ments/GitHub/CRM_Tiramisu/node_modules/vite/dist/node/cli.
js:829:5)[39m
